2026-01-25 19:41:26 scene: focus lost -> keep gizmo
2026-01-25 19:41:32 scene: grid_toggle=False vao=False count=0
2026-01-25 19:41:45 scene: clear outliner selection
2026-01-25 19:41:45 grid: update start size=20.0 cells=50
2026-01-25 19:41:45 grid: update done count=204 vao=True vbo=True
2026-01-25 19:41:45 splats: draw skip reason=render_splats=False
2026-01-25 19:41:45 splats: load scene asset owner=bonsai visible=True path=E:\GaussingSplats\models\bonsai\point_cloud\iteration_30000\point_cloud.ply
2026-01-25 19:41:45 splats: loaded owner=bonsai shape=(200000, 15)
2026-01-25 19:41:45 splats: scene load complete, rebuilding splats
2026-01-25 19:41:45 splats: rebuild start owners=1 visible=1 preserve_camera=True
2026-01-25 19:41:45 scene: clear outliner selection
2026-01-25 19:41:45 splats: draw active count=200000
2026-01-25 19:41:47 scene: click empty -> keep gizmo
2026-01-25 19:41:48 scene: pick owner=bonsai kind=splat
2026-01-25 19:41:50 splats: rebuild start owners=1 visible=1 preserve_camera=True
2026-01-25 19:41:52 splats: rebuild start owners=1 visible=1 preserve_camera=True
2026-01-25 19:41:53 scene: focus lost -> keep gizmo
2026-01-25 19:41:53 scene: grid_toggle=True vao=True count=204
2026-01-25 19:41:53 grid: draw attempt count=204
2026-01-25 19:41:54 grid: draw attempt count=204
2026-01-25 19:41:55 splats: rebuild start owners=1 visible=1 preserve_camera=True
2026-01-25 19:41:55 grid: draw attempt count=204
2026-01-25 19:41:56 grid: draw attempt count=204
2026-01-25 19:41:56 scene: focus lost -> keep gizmo
2026-01-25 19:41:56 scene: grid_toggle=False vao=True count=204
2026-01-25 19:41:57 scene: grid_toggle=True vao=True count=204
2026-01-25 19:41:57 grid: draw attempt count=204
2026-01-25 19:41:57 scene: grid_toggle=False vao=True count=204
2026-01-25 19:41:57 scene: grid_toggle=True vao=True count=204
2026-01-25 19:41:58 scene: grid_toggle=False vao=True count=204
2026-01-25 19:42:07 scene: click empty -> keep gizmo
2026-01-25 19:42:08 scene: click empty -> keep gizmo
2026-01-25 19:42:09 scene: click empty -> keep gizmo
2026-01-25 19:42:09 scene: click empty -> keep gizmo
2026-01-25 19:42:10 scene: focus lost -> keep gizmo
2026-01-25 19:42:11 scene: click empty -> keep gizmo
2026-01-25 19:42:12 splats: rebuild start owners=1 visible=1 preserve_camera=True
2026-01-25 19:42:14 splats: rebuild start owners=1 visible=1 preserve_camera=True
2026-01-25 19:42:16 scene: pick owner=katana kind=mesh
2026-01-25 19:42:17 scene: pick owner=bonsai kind=splat
2026-01-25 19:42:18 splats: rebuild start owners=1 visible=1 preserve_camera=True
2026-01-25 19:42:21 scene: focus lost -> keep gizmo
2026-01-25 19:42:22 scene: clear outliner selection
2026-01-25 19:42:22 splats: load scene asset owner=bonsai visible=True path=E:\GaussingSplats\models\bonsai\point_cloud\iteration_30000\point_cloud.ply
2026-01-25 19:42:22 splats: loaded owner=bonsai shape=(200000, 15)
2026-01-25 19:42:22 splats: scene load complete, rebuilding splats
2026-01-25 19:42:22 splats: rebuild start owners=1 visible=1 preserve_camera=True
2026-01-25 19:42:22 scene: clear outliner selection
2026-01-25 19:42:30 scene: pick owner=katana kind=mesh
2026-01-25 19:42:32 scene: pick owner=bonsai kind=splat
2026-01-25 19:42:33 splats: rebuild start owners=1 visible=1 preserve_camera=True
2026-01-25 19:42:36 scene: pick owner=katana kind=mesh
2026-01-25 19:42:38 scene: pick owner=bonsai kind=splat
2026-01-25 19:42:39 splats: rebuild start owners=1 visible=1 preserve_camera=True
2026-01-25 19:42:40 scene: focus lost -> keep gizmo
2026-01-25 19:42:41 scene: clear outliner selection
2026-01-25 19:42:41 splats: load scene asset owner=bonsai visible=True path=E:\GaussingSplats\models\bonsai\point_cloud\iteration_30000\point_cloud.ply
2026-01-25 19:42:41 splats: loaded owner=bonsai shape=(200000, 15)
2026-01-25 19:42:41 splats: scene load complete, rebuilding splats
2026-01-25 19:42:41 splats: rebuild start owners=1 visible=1 preserve_camera=True
2026-01-25 19:42:41 scene: clear outliner selection
2026-01-25 19:42:45 scene: click empty -> keep gizmo
2026-01-25 19:42:45 scene: pick owner=bonsai kind=splat
2026-01-25 19:42:47 scene: click empty -> keep gizmo
2026-01-25 19:42:48 scene: click empty -> keep gizmo
2026-01-25 19:42:48 scene: click empty -> keep gizmo
2026-01-25 19:42:48 scene: click empty -> keep gizmo
2026-01-25 19:42:49 scene: focus lost -> keep gizmo
2026-01-25 19:45:54 scene: focus lost -> keep gizmo
2026-01-25 19:45:54 scene: grid_toggle=True vao=True count=204
2026-01-25 19:45:54 grid: draw attempt count=204
2026-01-25 19:45:55 scene: grid_toggle=False vao=True count=204
2026-01-25 19:53:08 scene: pick owner=bonsai kind=splat
2026-01-25 19:53:09 scene: click empty -> keep gizmo
2026-01-25 19:53:10 scene: click empty -> keep gizmo
2026-01-25 19:53:11 scene: click empty -> keep gizmo
2026-01-25 19:53:11 scene: click empty -> keep gizmo
2026-01-25 19:53:11 scene: click empty -> keep gizmo
2026-01-25 19:53:12 scene: click empty -> keep gizmo
2026-01-25 19:53:13 scene: pick owner=bonsai kind=splat
2026-01-25 19:53:13 scene: click empty -> keep gizmo
2026-01-25 19:53:15 scene: focus lost -> keep gizmo
2026-01-25 19:53:15 scene: grid_toggle=True vao=True count=204
2026-01-25 19:53:15 grid: draw attempt count=204
2026-01-25 19:53:16 grid: draw attempt count=204
2026-01-25 19:53:16 scene: click empty -> keep gizmo
2026-01-25 19:53:17 scene: pick owner=bonsai kind=splat
2026-01-25 19:53:17 grid: draw attempt count=204
2026-01-25 19:53:17 scene: focus lost -> keep gizmo
2026-01-25 19:53:18 scene: grid_toggle=False vao=True count=204
2026-01-25 19:53:18 scene: grid_toggle=True vao=True count=204
2026-01-25 19:53:18 grid: draw attempt count=204
2026-01-25 19:53:19 scene: grid_toggle=False vao=True count=204
2026-01-25 19:53:20 scene: pick owner=bonsai kind=splat
2026-01-25 19:53:21 scene: click empty -> keep gizmo
2026-01-25 19:53:21 scene: click empty -> keep gizmo
2026-01-25 19:53:21 scene: click empty -> keep gizmo
2026-01-25 19:53:22 scene: click empty -> keep gizmo
2026-01-25 19:53:23 scene: click empty -> keep gizmo
2026-01-25 19:53:23 scene: click empty -> keep gizmo
2026-01-25 19:53:23 scene: click empty -> keep gizmo
2026-01-25 19:53:24 scene: focus lost -> keep gizmo
2026-01-25 19:53:30 scene: pick owner=bonsai kind=splat
2026-01-25 19:53:31 splats: rebuild start owners=1 visible=1 preserve_camera=True
2026-01-25 19:53:32 scene: click empty -> keep gizmo
2026-01-25 19:53:32 scene: pick owner=katana kind=mesh
2026-01-25 19:53:36 scene: click empty -> keep gizmo
2026-01-25 19:53:37 scene: pick owner=bonsai kind=splat
2026-01-25 19:53:38 splats: rebuild start owners=1 visible=1 preserve_camera=True
2026-01-25 19:53:39 scene: focus lost -> keep gizmo
2026-01-25 19:53:41 scene: grid_toggle=False vao=False count=0
2026-01-25 19:54:10 scene: clear outliner selection
2026-01-25 19:54:10 grid: update start size=20.0 cells=50
2026-01-25 19:54:10 grid: update done count=204 vao=True vbo=True
2026-01-25 19:54:10 splats: draw skip reason=render_splats=False
2026-01-25 19:54:10 splats: load scene asset owner=bonsai visible=True path=E:\GaussingSplats\models\bonsai\point_cloud\iteration_30000\point_cloud.ply
2026-01-25 19:54:10 splats: loaded owner=bonsai shape=(200000, 15)
2026-01-25 19:54:10 splats: scene load complete, rebuilding splats
2026-01-25 19:54:10 splats: rebuild start owners=1 visible=1 preserve_camera=True
2026-01-25 19:54:10 scene: clear outliner selection
2026-01-25 19:54:10 splats: draw active count=200000
2026-01-25 19:54:18 scene: pick owner=bonsai kind=splat
2026-01-25 19:54:20 scene: focus lost -> keep gizmo
2026-01-25 19:54:20 scene: grid_toggle=True vao=True count=204
2026-01-25 19:54:20 grid: draw attempt count=204
2026-01-25 19:54:21 scene: grid_toggle=False vao=True count=204
2026-01-25 19:54:24 scene: focus lost -> keep gizmo
2026-01-25 19:54:24 scene: grid_toggle=True vao=True count=204
2026-01-25 19:54:24 grid: draw attempt count=204
2026-01-25 19:54:25 grid: draw attempt count=204
2026-01-25 19:54:26 scene: focus lost -> keep gizmo
2026-01-25 19:54:26 outliner: eye name=bonsai visible=False hidden_count=1
2026-01-25 19:54:26 splats: draw skip reason=render_splats=False
2026-01-25 19:54:26 outliner: eye name=bonsai visible=True hidden_count=0
2026-01-25 19:54:26 splats: draw active count=200000
2026-01-25 19:54:26 grid: draw attempt count=204
2026-01-25 19:54:27 grid: draw attempt count=204
2026-01-25 19:54:28 scene: focus lost -> keep gizmo
2026-01-25 19:54:28 outliner: eye name=bonsai visible=False hidden_count=1
2026-01-25 19:54:28 splats: draw skip reason=render_splats=False
2026-01-25 19:54:28 outliner: eye name=bonsai visible=True hidden_count=0
2026-01-25 19:54:28 splats: draw active count=200000
2026-01-25 19:54:28 grid: draw attempt count=204
2026-01-25 19:54:29 scene: pick owner=bonsai kind=splat
2026-01-25 19:54:29 grid: draw attempt count=204
2026-01-25 19:54:30 splats: rebuild start owners=1 visible=1 preserve_camera=True
2026-01-25 19:54:30 grid: draw attempt count=204
2026-01-25 19:54:31 grid: draw attempt count=204
2026-01-25 19:54:32 scene: focus lost -> keep gizmo
2026-01-25 19:54:32 scene: grid_toggle=False vao=True count=204
2026-01-25 19:54:32 scene: grid_toggle=True vao=True count=204
2026-01-25 19:54:32 grid: draw attempt count=204
2026-01-25 19:54:33 grid: draw attempt count=204
2026-01-25 19:54:34 scene: pick owner=katana kind=mesh
2026-01-25 19:54:34 grid: draw attempt count=204
2026-01-25 19:54:35 grid: draw attempt count=204
2026-01-25 19:54:36 scene: pick owner=bonsai kind=splat
2026-01-25 19:54:36 grid: draw attempt count=204
2026-01-25 19:54:37 splats: rebuild start owners=1 visible=1 preserve_camera=True
2026-01-25 19:54:37 grid: draw attempt count=204
2026-01-25 19:54:39 grid: draw attempt count=204
2026-01-25 19:54:39 splats: rebuild start owners=1 visible=1 preserve_camera=True
2026-01-25 19:54:40 grid: draw attempt count=204
2026-01-25 19:54:40 splats: rebuild start owners=1 visible=1 preserve_camera=True
2026-01-25 19:54:41 grid: draw attempt count=204
2026-01-25 19:54:41 scene: focus lost -> keep gizmo
2026-01-25 19:54:41 scene: grid_toggle=False vao=True count=204
2026-01-25 19:54:42 scene: grid_toggle=True vao=True count=204
2026-01-25 19:54:42 grid: draw attempt count=204
2026-01-25 19:54:43 grid: draw attempt count=204
2026-01-25 19:54:43 splats: rebuild start owners=1 visible=1 preserve_camera=True
2026-01-25 19:54:44 grid: draw attempt count=204
2026-01-25 19:54:45 grid: draw attempt count=204
2026-01-25 19:54:46 grid: draw attempt count=204
2026-01-25 19:54:47 grid: draw attempt count=204
2026-01-25 19:54:47 scene: focus lost -> keep gizmo
2026-01-25 19:54:51 scene: grid_toggle=False vao=False count=0
2026-01-25 19:55:05 scene: clear outliner selection
2026-01-25 19:55:05 grid: update start size=20.0 cells=50
2026-01-25 19:55:05 grid: update done count=204 vao=True vbo=True
2026-01-25 19:55:05 splats: draw skip reason=render_splats=False
2026-01-25 19:55:05 splats: load scene asset owner=bonsai visible=True path=E:\GaussingSplats\models\bonsai\point_cloud\iteration_30000\point_cloud.ply
2026-01-25 19:55:05 splats: loaded owner=bonsai shape=(200000, 15)
2026-01-25 19:55:05 splats: scene load complete, rebuilding splats
2026-01-25 19:55:05 splats: rebuild start owners=1 visible=1 preserve_camera=True
2026-01-25 19:55:05 scene: clear outliner selection
2026-01-25 19:55:05 splats: draw active count=200000
2026-01-25 19:55:11 scene: pick owner=bonsai kind=splat
2026-01-25 19:55:12 splats: rebuild start owners=1 visible=1 preserve_camera=True
2026-01-25 19:55:13 scene: pick owner=katana kind=mesh
2026-01-25 19:55:15 scene: click empty -> keep gizmo
2026-01-25 19:55:16 scene: pick owner=bonsai kind=splat
2026-01-25 19:55:16 splats: rebuild start owners=1 visible=1 preserve_camera=True
2026-01-25 19:55:18 scene: pick owner=katana kind=mesh
2026-01-25 19:55:20 scene: click empty -> keep gizmo
2026-01-25 19:55:21 scene: click empty -> keep gizmo
2026-01-25 19:55:22 scene: pick owner=bonsai kind=splat
2026-01-25 19:55:23 splats: rebuild start owners=1 visible=1 preserve_camera=True
2026-01-25 19:55:24 scene: focus lost -> keep gizmo
2026-01-25 19:55:26 scene: grid_toggle=False vao=False count=0
2026-01-25 19:55:39 scene: clear outliner selection
2026-01-25 19:55:39 grid: update start size=20.0 cells=50
2026-01-25 19:55:39 grid: update done count=204 vao=True vbo=True
2026-01-25 19:55:39 splats: draw skip reason=render_splats=False
2026-01-25 19:55:40 splats: load scene asset owner=bonsai visible=True path=E:\GaussingSplats\models\bonsai\point_cloud\iteration_30000\point_cloud.ply
2026-01-25 19:55:40 splats: loaded owner=bonsai shape=(200000, 15)
2026-01-25 19:55:40 splats: scene load complete, rebuilding splats
2026-01-25 19:55:40 splats: rebuild start owners=1 visible=1 preserve_camera=True
2026-01-25 19:55:40 scene: clear outliner selection
2026-01-25 19:55:40 splats: draw active count=200000
2026-01-25 19:55:44 scene: pick owner=katana kind=mesh
2026-01-25 19:55:49 scene: focus lost -> keep gizmo
2026-01-25 19:55:51 splats: rebuild start owners=1 visible=1 preserve_camera=True
2026-01-25 19:55:52 splats: rebuild start owners=1 visible=1 preserve_camera=True
2026-01-25 19:55:54 splats: rebuild start owners=1 visible=1 preserve_camera=True
2026-01-25 19:55:55 scene: focus lost -> keep gizmo
2026-01-25 19:56:00 scene: focus lost -> keep gizmo
2026-01-25 19:56:01 scene: clear outliner selection
2026-01-25 19:56:01 splats: load scene asset owner=bonsai visible=True path=E:\GaussingSplats\models\bonsai\point_cloud\iteration_30000\point_cloud.ply
2026-01-25 19:56:01 splats: loaded owner=bonsai shape=(200000, 15)
2026-01-25 19:56:01 splats: scene load complete, rebuilding splats
2026-01-25 19:56:01 splats: rebuild start owners=1 visible=1 preserve_camera=True
2026-01-25 19:56:01 scene: clear outliner selection
2026-01-25 19:56:04 scene: pick owner=bonsai kind=splat
2026-01-25 19:56:05 scene: pick owner=katana kind=mesh
2026-01-25 19:56:08 scene: pick owner=bonsai kind=splat
2026-01-25 19:56:09 splats: rebuild start owners=1 visible=1 preserve_camera=True
2026-01-25 19:56:10 scene: focus lost -> keep gizmo
2026-01-25 19:56:10 scene: clear outliner selection
2026-01-25 19:56:10 splats: load scene asset owner=bonsai visible=True path=E:\GaussingSplats\models\bonsai\point_cloud\iteration_30000\point_cloud.ply
2026-01-25 19:56:11 splats: loaded owner=bonsai shape=(200000, 15)
2026-01-25 19:56:11 splats: scene load complete, rebuilding splats
2026-01-25 19:56:11 splats: rebuild start owners=1 visible=1 preserve_camera=True
2026-01-25 19:56:11 scene: clear outliner selection
2026-01-25 19:56:13 scene: pick owner=katana kind=mesh
2026-01-25 19:56:14 scene: pick owner=bonsai kind=splat
2026-01-25 19:56:15 scene: focus lost -> keep gizmo
2026-01-25 19:56:19 scene: pick owner=katana kind=mesh
2026-01-25 19:56:22 scene: focus lost -> keep gizmo
2026-01-25 19:56:24 scene: grid_toggle=False vao=False count=0
2026-01-25 19:56:53 scene: clear outliner selection
2026-01-25 19:56:54 grid: update start size=20.0 cells=50
2026-01-25 19:56:54 grid: update done count=204 vao=True vbo=True
2026-01-25 19:56:54 splats: draw skip reason=render_splats=False
2026-01-25 19:56:54 splats: load scene asset owner=bonsai visible=True path=E:\GaussingSplats\models\bonsai\point_cloud\iteration_30000\point_cloud.ply
2026-01-25 19:56:54 splats: loaded owner=bonsai shape=(200000, 15)
2026-01-25 19:56:54 splats: scene load complete, rebuilding splats
2026-01-25 19:56:54 splats: rebuild start owners=1 visible=1 preserve_camera=True
2026-01-25 19:56:54 scene: clear outliner selection
2026-01-25 19:56:54 splats: draw active count=200000
2026-01-25 19:56:57 scene: pick owner=katana kind=mesh
2026-01-25 19:56:57 scene: pick owner=bonsai kind=splat
2026-01-25 19:56:58 scene: pick owner=katana kind=mesh
2026-01-25 19:57:00 scene: focus lost -> keep gizmo
2026-01-25 19:58:29 scene: focus lost -> keep gizmo
2026-01-25 19:58:31 scene: grid_toggle=False vao=False count=0
2026-01-25 19:58:42 scene: clear outliner selection
2026-01-25 19:58:43 grid: update start size=20.0 cells=50
2026-01-25 19:58:43 grid: update done count=204 vao=True vbo=True
2026-01-25 19:58:43 splats: draw skip reason=render_splats=False
2026-01-25 19:58:43 splats: load scene asset owner=bonsai visible=True path=E:\GaussingSplats\models\bonsai\point_cloud\iteration_30000\point_cloud.ply
2026-01-25 19:58:43 splats: loaded owner=bonsai shape=(200000, 15)
2026-01-25 19:58:43 splats: scene load complete, rebuilding splats
2026-01-25 19:58:43 splats: rebuild start owners=1 visible=1 preserve_camera=True
2026-01-25 19:58:43 scene: clear outliner selection
2026-01-25 19:58:43 splats: draw active count=200000
2026-01-25 19:59:54 scene: click empty -> keep gizmo
2026-01-25 19:59:55 scene: focus lost -> keep gizmo
2026-01-25 19:59:55 scene: grid_toggle=True vao=True count=204
2026-01-25 19:59:55 grid: draw attempt count=204
2026-01-25 19:59:55 scene: grid_toggle=False vao=True count=204
2026-01-25 20:17:33 scene: grid_toggle=False vao=False count=0
2026-01-25 20:17:58 scene: clear outliner selection
2026-01-25 20:17:58 grid: update start size=20.0 cells=50
2026-01-25 20:17:58 grid: update done count=204 vao=True vbo=True
2026-01-25 20:17:58 splats: draw skip reason=render_splats=False
2026-01-25 20:17:58 scene: visibility map owners=2 any_visible=True
2026-01-25 20:17:59 splats: load scene asset owner=bonsai visible=True path=E:\GaussingSplats\models\bonsai\point_cloud\iteration_30000\point_cloud.ply
2026-01-25 20:17:59 splats: loaded owner=bonsai shape=(200000, 15)
2026-01-25 20:17:59 splats: scene load complete, rebuilding splats
2026-01-25 20:17:59 splats: rebuild start owners=1 visible=1 preserve_camera=True
2026-01-25 20:17:59 scene: clear outliner selection
2026-01-25 20:17:59 splats: draw active count=200000
2026-01-25 20:18:00 scene: pick owner=bonsai kind=splat
2026-01-25 20:18:02 scene: pick owner=katana kind=mesh
2026-01-25 20:18:03 scene: pick owner=bonsai kind=splat
2026-01-25 20:18:04 scene: focus lost -> keep gizmo
2026-01-25 20:18:05 scene: grid_toggle=True vao=True count=204
2026-01-25 20:18:05 grid: draw attempt count=204
2026-01-25 20:18:06 grid: draw attempt count=204
2026-01-25 20:18:07 grid: draw attempt count=204
2026-01-25 20:18:08 scene: focus lost -> keep gizmo
2026-01-25 20:18:08 scene: grid_toggle=False vao=True count=204
2026-01-25 20:18:09 scene: pick owner=bonsai kind=splat
2026-01-25 20:18:09 scene: pick owner=katana kind=mesh
2026-01-25 20:18:10 scene: focus lost -> keep gizmo
2026-01-25 20:18:12 outliner: eye name=bonsai visible=False hidden_count=1
2026-01-25 20:18:12 splats: draw skip reason=render_splats=False
2026-01-25 20:18:13 outliner: eye name=bonsai visible=True hidden_count=0
2026-01-25 20:18:13 splats: draw active count=200000
2026-01-25 20:18:13 outliner: eye name=katana visible=False hidden_count=1
2026-01-25 20:18:14 outliner: eye name=katana visible=True hidden_count=0
2026-01-25 20:18:14 scene: click empty -> keep gizmo
2026-01-25 20:18:15 scene: pick owner=bonsai kind=splat
2026-01-25 20:18:16 scene: click empty -> keep gizmo
2026-01-25 20:18:16 scene: pick owner=katana kind=mesh
2026-01-25 20:18:17 scene: pick owner=bonsai kind=splat
2026-01-25 20:18:18 splats: rebuild start owners=1 visible=1 preserve_camera=True
2026-01-25 20:18:19 splats: rebuild start owners=1 visible=1 preserve_camera=True
2026-01-25 20:18:22 scene: pick owner=katana kind=mesh
2026-01-25 20:18:23 scene: pick owner=bonsai kind=splat
2026-01-25 20:18:24 splats: rebuild start owners=1 visible=1 preserve_camera=True
2026-01-25 20:18:25 splats: rebuild start owners=1 visible=1 preserve_camera=True
2026-01-25 20:18:25 scene: pick owner=katana kind=mesh
2026-01-25 20:18:27 scene: focus lost -> keep gizmo
2026-01-25 20:18:29 scene: clear outliner selection
2026-01-25 20:18:29 scene: visibility map owners=2 any_visible=True
2026-01-25 20:18:30 splats: load scene asset owner=bonsai visible=True path=E:\GaussingSplats\models\bonsai\point_cloud\iteration_30000\point_cloud.ply
2026-01-25 20:18:30 splats: loaded owner=bonsai shape=(200000, 15)
2026-01-25 20:18:30 splats: scene load complete, rebuilding splats
2026-01-25 20:18:30 splats: rebuild start owners=1 visible=1 preserve_camera=True
2026-01-25 20:18:30 scene: clear outliner selection
2026-01-25 20:18:32 scene: pick owner=katana kind=mesh
2026-01-25 20:18:34 scene: pick owner=katana kind=mesh
2026-01-25 20:18:37 scene: focus lost -> keep gizmo
2026-01-25 20:18:38 scene: clear outliner selection
2026-01-25 20:18:38 scene: visibility map owners=2 any_visible=True
2026-01-25 20:18:39 splats: load scene asset owner=bonsai visible=True path=E:\GaussingSplats\models\bonsai\point_cloud\iteration_30000\point_cloud.ply
2026-01-25 20:18:39 splats: loaded owner=bonsai shape=(200000, 15)
2026-01-25 20:18:39 splats: scene load complete, rebuilding splats
2026-01-25 20:18:39 splats: rebuild start owners=1 visible=1 preserve_camera=True
2026-01-25 20:18:39 scene: clear outliner selection
2026-01-25 20:18:40 scene: pick owner=katana kind=mesh
2026-01-25 20:18:48 scene: focus lost -> keep gizmo
2026-01-25 20:18:48 scene: clear outliner selection
2026-01-25 20:18:48 scene: visibility map owners=2 any_visible=True
2026-01-25 20:18:49 splats: load scene asset owner=bonsai visible=True path=E:\GaussingSplats\models\bonsai\point_cloud\iteration_30000\point_cloud.ply
2026-01-25 20:18:49 splats: loaded owner=bonsai shape=(200000, 15)
2026-01-25 20:18:49 splats: scene load complete, rebuilding splats
2026-01-25 20:18:49 splats: rebuild start owners=1 visible=1 preserve_camera=True
2026-01-25 20:18:49 scene: clear outliner selection
2026-01-25 20:18:50 scene: pick owner=katana kind=mesh
2026-01-25 20:18:53 scene: focus lost -> keep gizmo
2026-01-25 20:18:57 scene: focus lost -> keep gizmo
2026-01-25 20:18:57 scene: clear outliner selection
2026-01-25 20:18:57 scene: visibility map owners=2 any_visible=True
2026-01-25 20:18:58 splats: load scene asset owner=bonsai visible=True path=E:\GaussingSplats\models\bonsai\point_cloud\iteration_30000\point_cloud.ply
2026-01-25 20:18:58 splats: loaded owner=bonsai shape=(200000, 15)
2026-01-25 20:18:58 splats: scene load complete, rebuilding splats
2026-01-25 20:18:58 splats: rebuild start owners=1 visible=1 preserve_camera=True
2026-01-25 20:18:58 scene: clear outliner selection
2026-01-25 20:19:01 scene: pick owner=katana kind=mesh
2026-01-25 20:19:05 scene: focus lost -> keep gizmo
